
> nextn@0.1.0 build
> next build

   Γû▓ Next.js 15.5.13

   Creating an optimized production build ...
 Γ£ô Compiled successfully in 42s
   Skipping validation of types
   Skipping linting
   Collecting page data ...
   Generating static pages (0/17) ...
node.exe : Error 
occurred prerendering 
page "/careers". Read 
more: https://nextjs.o
rg/docs/messages/prere
nder-error
At line:1 char:1
+ & "C:\Program Files\
nodejs/node.exe" "C:\U
sers\PC\AppData\Roamin
g\npm ...
+ ~~~~~~~~~~~~~~~~~~~~
~~~~~~~~~~~~~~~~~~~~~~
~~~~~~~~~~~~~~~~~~~~~~
~~~~~
    + CategoryInfo    
          : NotSpeci  
  fied: (Error occu   
 rred ...prerender    
-error:String) []    
, RemoteException
    + FullyQualifiedE 
   rrorId : NativeCo  
  mmandError
 
Error: Event handlers 
cannot be passed to 
Client Component 
props.
  {className: ..., 
onClick: function 
onClick, children: 
...}
                      
      ^^^^^^^^^^^^^^^^
If you need 
interactivity, 
consider converting 
part of this to a 
Client Component.
    at stringify 
(<anonymous>) {
  digest: '4038009214'
}
Export encountered an 
error on 
/careers/page: 
/careers, exiting the 
build.
 Γ¿» Next.js build 
worker exited with 
code: 1 and signal: 
null
